// Jest Snapshot v1, https://goo.gl/fbAQLP

exports[`remediations get get remediation 1`] = `
"{
    \\"id\\": \\"66eec356-dd06-4c72-a3b6-ef27d1508a02\\",
    \\"name\\": \\"remediation 1\\",
    \\"tenant\\": \\"540155\\",
    \\"owner\\": 1,
    \\"issues\\": [
        {
            \\"resolution\\": \\"\\",
            \\"issue_id\\": \\"vulnerabilities:CVE-2017-17713\\"
        },
        {
            \\"resolution\\": \\"\\",
            \\"issue_id\\": \\"vulnerabilities:CVE_2017_6074_kernel|KERNEL_CVE_2017_6074\\"
        }
    ]
}"
`;
